// Jest Snapshot v1, https://goo.gl/fbAQLP

exports[`Navbar component 1`] = `
<DocumentFragment>
  .emotion-9 {
  border-bottom: 1px solid rgba(0,0,0,.0975);
  margin-bottom: 2em;
}

.emotion-8 {
  display: -webkit-box;
  display: -webkit-flex;
  display: -ms-flexbox;
  display: flex;
  -webkit-box-pack: justify;
  -webkit-justify-content: space-between;
  -ms-flex-pack: justify;
  justify-content: space-between;
  -webkit-align-item: center;
  -webkit-box-align-item: center;
  -ms-flex-align-item: center;
  align-item: center;
  margin: 0 auto;
  padding: .5em 1.5em;
  list-style: none;
  color: #fff;
}

.emotion-2 {
  display: -webkit-box;
  display: -webkit-flex;
  display: -ms-flexbox;
  display: flex;
  -webkit-align-items: center;
  -webkit-box-align: center;
  -ms-flex-align: center;
  align-items: center;
}

.emotion-1 {
  margin-right: 1em;
  -webkit-text-decoration: none;
  text-decoration: none;
  color: #000;
}

.emotion-1:hover {
  color: #003569;
}

.emotion-0 {
  width: 80px;
}

.emotion-7 {
  display: -webkit-box;
  display: -webkit-flex;
  display: -ms-flexbox;
  display: flex;
  -webkit-box-pack: justify;
  -webkit-justify-content: space-between;
  -ms-flex-pack: justify;
  justify-content: space-between;
  width: 100px;
}

<nav
    class="emotion-9"
  >
    <ul
      class="emotion-8"
    >
      <li
        class="emotion-2"
      >
        <a
          aria-current="page"
          class="emotion-1"
          href="/"
        >
          <img
            alt="rappi"
            class="emotion-0"
            src="https://images.rappi.com/web/logo-rappi-new.svg?e=webp"
          />
        </a>
      </li>
      <div
        class="emotion-7"
      >
        <li>
          <a
            class="emotion-1"
            href="/cart"
          >
            <span
              class="emotion-2"
            >
              Cart
            </span>
          </a>
        </li>
        <li>
          <a
            class="emotion-1"
            href="/login"
          >
            <span
              class="emotion-2"
            >
              Logout
            </span>
          </a>
        </li>
      </div>
    </ul>
  </nav>
</DocumentFragment>
`;
